
Session altered.


Session altered.


Session altered.


PL/SQL procedure successfully completed.


         N     MILLIS N*LOG(2,N)      RATIO                                                                                                           
---------- ---------- ---------- ----------                                                                                                           
       512      18470       4608 4.00824653                                                                                                           
      1024      35320      10240 3.44921875                                                                                                           
      2048      82920      22528 3.68075284                                                                                                           
      4096     174230      49152 3.54471842                                                                                                           
      8192     383670     106496 3.60267052                                                                                                           
     16384     827230     229376 3.60643659                                                                                                           
     32768    1836970     491520 3.73732503                                                                                                           

7 rows selected.


MIN(RATIO) AVG(RATIO) MAX(RATIO)                                                                                                                      
---------- ---------- ----------                                                                                                                      
3.44921875 3.66133838 4.00824653                                                                                                                      

