SQL> 
SQL> -- end of initialization section
SQL> 
SQL> drop table t;

Table dropped.

SQL> 
SQL> create table t
  2  as
  3  select mod(rownum-1, 8) as x, mod(rownum-1,6) as y, 40 + mod (rownum-1, 90) as filter
  4    from dual connect by level <= 10000;

Table created.

SQL> 
SQL> exec dbms_stats.gather_table_stats (user, 't', cascade=>true, method_opt => 'for columns x size 1, columns y size 1, columns filter size 254', estimate_percent=>100);

PL/SQL procedure successfully completed.

SQL> 
SQL> alter session set events '10053 trace name context forever, level 1';

Session altered.

SQL> set autotrace traceonly explain
SQL> select distinct x, y
  2    from t
  3   where filter in (42);

Execution Plan
----------------------------------------------------------
   0      SELECT STATEMENT Optimizer=ALL_ROWS (Cost=6 Card=34 Bytes=306)
   1    0   SORT (UNIQUE) (Cost=6 Card=34 Bytes=306)
   2    1     TABLE ACCESS (FULL) OF 'T' (Cost=4 Card=112 Bytes=1008)



SQL> set autotrace off
SQL> alter session set events '10053 trace name context off';

Session altered.

SQL> 
SQL> select t.table_name, c.column_name, c.num_distinct, c.num_buckets,
  2         swru ( c.num_distinct, 112, t.num_rows ) f_num_distinct
  3   from user_tab_columns c, user_tables t
  4   where t.table_name in ('T')
  5     and t.table_name = c.table_name
  6     and c.column_name in ('X', 'Y')
  7   order by table_name, column_name;

TABLE_NAME           COLUMN_NAME          NUM_DISTINCT NUM_BUCKETS F_NUM_DISTINCT
-------------------- -------------------- ------------ ----------- --------------
T                    X                               8           1     7.99999766
T                    Y                               6           1     5.99999999

2 rows selected.

SQL> 
SQL> doc
SQL> 
SQL> spool off
